// Jest Snapshot v1, https://goo.gl/fbAQLP

exports[`App component matches its original snapshot 1`] = `
<EmotionThemeProvider
  theme={
    Object {
      "borders": Object {
        "radiusLarge": "0.5rem",
        "radiusMedium": "0.25rem",
        "radiusSmall": "0.125rem",
        "style": "solid",
        "widthLarge": "0.25rem",
        "widthMedium": "0.125rem",
        "widthSmall": "0.0625rem",
      },
      "breakpoints": Object {
        "large": "62em",
        "maxWidth": "61.9375em",
        "medium": "48em",
        "small": "30em",
        "xLarge": "75em",
        "xSmall": "16em",
        "xxSmall": "8em",
      },
      "colors": Object {
        "ash": "#8B969E",
        "background": Object {
          "backgroundAlert": "#BF32A4",
          "backgroundBrand": "#008EE2",
          "backgroundBrandSecondary": "#394B58",
          "backgroundDanger": "#EE0612",
          "backgroundDark": "#8B969E",
          "backgroundDarkest": "#2D3B45",
          "backgroundInfo": "#008EE2",
          "backgroundLight": "#F5F5F5",
          "backgroundLightest": "#FFFFFF",
          "backgroundMedium": "#C7CDD1",
          "backgroundSuccess": "#00AC18",
          "backgroundWarning": "#FC5E13",
        },
        "backgroundAlert": "#BF32A4",
        "backgroundBrand": "#008EE2",
        "backgroundBrandSecondary": "#394B58",
        "backgroundDanger": "#EE0612",
        "backgroundDark": "#8B969E",
        "backgroundDarkest": "#2D3B45",
        "backgroundInfo": "#008EE2",
        "backgroundLight": "#F5F5F5",
        "backgroundLightest": "#FFFFFF",
        "backgroundMedium": "#C7CDD1",
        "backgroundSuccess": "#00AC18",
        "backgroundWarning": "#FC5E13",
        "barney": "#BF32A4",
        "border": Object {
          "borderAlert": "#BF32A4",
          "borderBrand": "#008EE2",
          "borderDanger": "#EE0612",
          "borderDark": "#8B969E",
          "borderDarkest": "#2D3B45",
          "borderDebug": "#EE0612",
          "borderInfo": "#008EE2",
          "borderLight": "#F5F5F5",
          "borderLightest": "#FFFFFF",
          "borderMedium": "#C7CDD1",
          "borderSuccess": "#00AC18",
          "borderWarning": "#FC5E13",
        },
        "borderAlert": "#BF32A4",
        "borderBrand": "#008EE2",
        "borderDanger": "#EE0612",
        "borderDark": "#8B969E",
        "borderDarkest": "#2D3B45",
        "borderDebug": "#EE0612",
        "borderInfo": "#008EE2",
        "borderLight": "#F5F5F5",
        "borderLightest": "#FFFFFF",
        "borderMedium": "#C7CDD1",
        "borderSuccess": "#00AC18",
        "borderWarning": "#FC5E13",
        "brand": "#008EE2",
        "crimson": "#EE0612",
        "electric": "#008EE2",
        "fire": "#FC5E13",
        "licorice": "#2D3B45",
        "link": "#008EE2",
        "oxford": "#394B58",
        "porcelain": "#F5F5F5",
        "shamrock": "#00AC18",
        "slate": "#8B969E",
        "text": Object {
          "textAlert": "#BF32A4",
          "textBrand": "#008EE2",
          "textDanger": "#EE0612",
          "textDark": "#8B969E",
          "textDarkest": "#2D3B45",
          "textInfo": "#008EE2",
          "textLight": "#F5F5F5",
          "textLightest": "#FFFFFF",
          "textLink": "#008EE2",
          "textSuccess": "#00AC18",
          "textWarning": "#FC5E13",
        },
        "textAlert": "#BF32A4",
        "textBrand": "#008EE2",
        "textDanger": "#EE0612",
        "textDark": "#8B969E",
        "textDarkest": "#2D3B45",
        "textInfo": "#008EE2",
        "textLight": "#F5F5F5",
        "textLightest": "#FFFFFF",
        "textLink": "#008EE2",
        "textSuccess": "#00AC18",
        "textWarning": "#FC5E13",
        "tiara": "#C7CDD1",
        "values": Object {
          "ash": "#8B969E",
          "barney": "#BF32A4",
          "brand": "#008EE2",
          "crimson": "#EE0612",
          "electric": "#008EE2",
          "fire": "#FC5E13",
          "licorice": "#2D3B45",
          "link": "#008EE2",
          "oxford": "#394B58",
          "porcelain": "#F5F5F5",
          "shamrock": "#00AC18",
          "slate": "#8B969E",
          "tiara": "#C7CDD1",
          "white": "#FFFFFF",
        },
        "white": "#FFFFFF",
      },
      "forms": Object {
        "inputHeightLarge": "3rem",
        "inputHeightMedium": "2.375rem",
        "inputHeightSmall": "1.75rem",
      },
      "ic-brand-button--primary-bgd": "#008EE2",
      "ic-brand-button--primary-text": "#FFFFFF",
      "ic-brand-button--secondary-bgd": "#2D3B45",
      "ic-brand-button--secondary-text": "#FFFFFF",
      "ic-brand-font-color-dark": "#2D3B45",
      "ic-brand-global-nav-bgd": "#394B58",
      "ic-brand-global-nav-ic-icon-svg-fill": "#FFFFFF",
      "ic-brand-global-nav-ic-icon-svg-fill--active": "#008EE2",
      "ic-brand-global-nav-menu-item__text-color": "#FFFFFF",
      "ic-brand-global-nav-menu-item__text-color--active": "#008EE2",
      "ic-brand-primary": "#008EE2",
      "ic-global-nav-link-hover": "#2D3B45",
      "ic-link-color": "#008EE2",
      "ic-link-decoration": "none",
      "key": "canvas",
      "media": Object {
        "largeMin": "min-width: 62em",
        "mediumMin": "min-width: 48em",
        "xLargeMin": "min-width: 75em",
      },
      "shadows": Object {
        "above": "0 0.1875rem 0.375rem rgba(0, 0, 0, 0.1), 0 0.1875rem 0.375rem rgba(0, 0, 0, 0.16)",
        "depth1": "0 0.0625rem 0.125rem rgba(0, 0, 0, 0.2), 0 0.0625rem 0.1875rem rgba(0, 0, 0, 0.1)",
        "depth2": "0 0.1875rem 0.375rem rgba(0, 0, 0, 0.1), 0 0.1875rem 0.375rem rgba(0, 0, 0, 0.16)",
        "depth3": "0 0.375rem 0.4375rem rgba(0, 0, 0, 0.1), 0 0.625rem 1.75rem rgba(0, 0, 0, 0.25)",
        "resting": "0 0.0625rem 0.125rem rgba(0, 0, 0, 0.2), 0 0.0625rem 0.1875rem rgba(0, 0, 0, 0.1)",
        "topmost": "0 0.375rem 0.4375rem rgba(0, 0, 0, 0.1), 0 0.625rem 1.75rem rgba(0, 0, 0, 0.25)",
      },
      "spacing": Object {
        "large": "2.25rem",
        "medium": "1.5rem",
        "small": "0.75rem",
        "xLarge": "3rem",
        "xSmall": "0.5rem",
        "xxLarge": "3.75rem",
        "xxSmall": "0.375rem",
        "xxxSmall": "0.125rem",
      },
      "stacking": Object {
        "above": 1,
        "below": -1,
        "deepest": -9999,
        "topmost": 9999,
      },
      "transitions": Object {
        "duration": "300ms",
        "timing": "ease-in-out",
      },
      "typography": Object {
        "fontFamily": "LatoWeb, Lato, \\"Helvetica Neue\\", Helvetica, Arial, sans-serif",
        "fontFamilyMonospace": "Menlo, Consolas, Monaco, \\"Andale Mono\\", monospace",
        "fontSizeLarge": "1.375rem",
        "fontSizeMedium": "1rem",
        "fontSizeSmall": "0.875rem",
        "fontSizeXLarge": "1.75rem",
        "fontSizeXSmall": "0.75rem",
        "fontSizeXXLarge": "2.375rem",
        "fontWeightBold": 700,
        "fontWeightLight": 300,
        "fontWeightNormal": 400,
        "letterSpacingCondensed": "-0.0625rem",
        "letterSpacingExpanded": "0.0625rem",
        "letterSpacingNormal": 0,
        "lineHeight": 1.5,
        "lineHeightCondensed": 1.25,
        "lineHeightDouble": 2,
        "lineHeightFit": 1.125,
      },
    }
  }
>
  <Tabs
    elementRef={[Function]}
    onRequestTabChange={[Function]}
    shouldFocusOnRender={false}
    tabOverflow="stack"
    variant="default"
  >
    <Panel
      elementRef={[Function]}
      id="bruincast"
      isDisabled={false}
      isSelected={true}
      labelledBy={null}
      padding="small"
      renderTitle="Bruincast (0)"
      textAlign="start"
      variant="default"
    >
      <Bruincast
        course={Object {}}
        isInstructorOrAdmin={false}
        retrieveWarning={[Function]}
        setError={[Function]}
        userid={-1}
        warning=""
      />
    </Panel>
    <Panel
      elementRef={[Function]}
      id="audioReserves"
      isDisabled={false}
      isSelected={false}
      labelledBy={null}
      padding="small"
      renderTitle="Digital Audio Reserves (0)"
      textAlign="start"
      variant="default"
    >
      <MusicReserve
        isInstructorOrAdmin={false}
        setError={[Function]}
        userid={-1}
      />
    </Panel>
  </Tabs>
</EmotionThemeProvider>
`;
